------------------------------------------------------------
Timing Analyzer Summary
------------------------------------------------------------

Type  : Slow 1200mV 85C Model Setup 'sc5|altpll_component|auto_generated|pll1|clk[0]'
Slack : -2.317
TNS   : -53.437

Type  : Slow 1200mV 85C Model Hold 'sc5|altpll_component|auto_generated|pll1|clk[0]'
Slack : 0.391
TNS   : 0.000

Type  : Slow 1200mV 85C Model Minimum Pulse Width 'sc5|altpll_component|auto_generated|pll1|clk[0]'
Slack : 4.699
TNS   : 0.000

Type  : Slow 1200mV 85C Model Minimum Pulse Width 'CLK'
Slack : 9.891
TNS   : 0.000

Type  : Slow 1200mV 0C Model Setup 'sc5|altpll_component|auto_generated|pll1|clk[0]'
Slack : -1.207
TNS   : -18.784

Type  : Slow 1200mV 0C Model Hold 'sc5|altpll_component|auto_generated|pll1|clk[0]'
Slack : 0.350
TNS   : 0.000

Type  : Slow 1200mV 0C Model Minimum Pulse Width 'sc5|altpll_component|auto_generated|pll1|clk[0]'
Slack : 4.689
TNS   : 0.000

Type  : Slow 1200mV 0C Model Minimum Pulse Width 'CLK'
Slack : 9.887
TNS   : 0.000

Type  : Fast 1200mV 0C Model Setup 'sc5|altpll_component|auto_generated|pll1|clk[0]'
Slack : 3.224
TNS   : 0.000

Type  : Fast 1200mV 0C Model Hold 'sc5|altpll_component|auto_generated|pll1|clk[0]'
Slack : 0.179
TNS   : 0.000

Type  : Fast 1200mV 0C Model Minimum Pulse Width 'sc5|altpll_component|auto_generated|pll1|clk[0]'
Slack : 4.776
TNS   : 0.000

Type  : Fast 1200mV 0C Model Minimum Pulse Width 'CLK'
Slack : 9.574
TNS   : 0.000

------------------------------------------------------------
