------------------------------------------------------------
Timing Analyzer Summary
------------------------------------------------------------

Type  : Slow 1200mV 85C Model Setup 'altpll_component|auto_generated|pll1|clk[1]'
Slack : 0.088
TNS   : 0.000

Type  : Slow 1200mV 85C Model Setup 'altpll_component|auto_generated|pll1|clk[0]'
Slack : 0.531
TNS   : 0.000

Type  : Slow 1200mV 85C Model Setup 'enet0_rx_clk_125m'
Slack : 0.855
TNS   : 0.000

Type  : Slow 1200mV 85C Model Setup 'enet0_tx_clk_125m'
Slack : 3.794
TNS   : 0.000

Type  : Slow 1200mV 85C Model Hold 'altpll_component|auto_generated|pll1|clk[0]'
Slack : 0.280
TNS   : 0.000

Type  : Slow 1200mV 85C Model Hold 'enet0_rx_clk_125m'
Slack : 0.374
TNS   : 0.000

Type  : Slow 1200mV 85C Model Hold 'enet0_tx_clk_125m'
Slack : 5.548
TNS   : 0.000

Type  : Slow 1200mV 85C Model Hold 'altpll_component|auto_generated|pll1|clk[1]'
Slack : 6.914
TNS   : 0.000

Type  : Slow 1200mV 85C Model Recovery 'altpll_component|auto_generated|pll1|clk[0]'
Slack : 3.918
TNS   : 0.000

Type  : Slow 1200mV 85C Model Removal 'altpll_component|auto_generated|pll1|clk[0]'
Slack : 3.134
TNS   : 0.000

Type  : Slow 1200mV 85C Model Minimum Pulse Width 'enet0_rx_clk_125m'
Slack : 3.636
TNS   : 0.000

Type  : Slow 1200mV 85C Model Minimum Pulse Width 'altpll_component|auto_generated|pll1|clk[0]'
Slack : 3.695
TNS   : 0.000

Type  : Slow 1200mV 85C Model Minimum Pulse Width 'altpll_component|auto_generated|pll1|clk[1]'
Slack : 3.790
TNS   : 0.000

Type  : Slow 1200mV 85C Model Minimum Pulse Width 'enet0_tx_clk_125m'
Slack : 3.790
TNS   : 0.000

Type  : Slow 1200mV 85C Model Minimum Pulse Width 'enet1_tx_clk_125m'
Slack : 3.790
TNS   : 0.000

Type  : Slow 1200mV 85C Model Minimum Pulse Width 'enet1_rx_clk_125m'
Slack : 4.000
TNS   : 0.000

Type  : Slow 1200mV 85C Model Minimum Pulse Width 'CLOCK_50'
Slack : 9.819
TNS   : 0.000

Type  : Slow 1200mV 0C Model Setup 'altpll_component|auto_generated|pll1|clk[1]'
Slack : 0.235
TNS   : 0.000

Type  : Slow 1200mV 0C Model Setup 'enet0_rx_clk_125m'
Slack : 0.871
TNS   : 0.000

Type  : Slow 1200mV 0C Model Setup 'altpll_component|auto_generated|pll1|clk[0]'
Slack : 1.156
TNS   : 0.000

Type  : Slow 1200mV 0C Model Setup 'enet0_tx_clk_125m'
Slack : 4.088
TNS   : 0.000

Type  : Slow 1200mV 0C Model Hold 'altpll_component|auto_generated|pll1|clk[0]'
Slack : 0.287
TNS   : 0.000

Type  : Slow 1200mV 0C Model Hold 'enet0_rx_clk_125m'
Slack : 0.353
TNS   : 0.000

Type  : Slow 1200mV 0C Model Hold 'enet0_tx_clk_125m'
Slack : 5.334
TNS   : 0.000

Type  : Slow 1200mV 0C Model Hold 'altpll_component|auto_generated|pll1|clk[1]'
Slack : 6.830
TNS   : 0.000

Type  : Slow 1200mV 0C Model Recovery 'altpll_component|auto_generated|pll1|clk[0]'
Slack : 4.343
TNS   : 0.000

Type  : Slow 1200mV 0C Model Removal 'altpll_component|auto_generated|pll1|clk[0]'
Slack : 2.911
TNS   : 0.000

Type  : Slow 1200mV 0C Model Minimum Pulse Width 'enet0_rx_clk_125m'
Slack : 3.652
TNS   : 0.000

Type  : Slow 1200mV 0C Model Minimum Pulse Width 'altpll_component|auto_generated|pll1|clk[0]'
Slack : 3.688
TNS   : 0.000

Type  : Slow 1200mV 0C Model Minimum Pulse Width 'altpll_component|auto_generated|pll1|clk[1]'
Slack : 3.790
TNS   : 0.000

Type  : Slow 1200mV 0C Model Minimum Pulse Width 'enet0_tx_clk_125m'
Slack : 3.790
TNS   : 0.000

Type  : Slow 1200mV 0C Model Minimum Pulse Width 'enet1_tx_clk_125m'
Slack : 3.790
TNS   : 0.000

Type  : Slow 1200mV 0C Model Minimum Pulse Width 'enet1_rx_clk_125m'
Slack : 4.000
TNS   : 0.000

Type  : Slow 1200mV 0C Model Minimum Pulse Width 'CLOCK_50'
Slack : 9.799
TNS   : 0.000

Type  : Fast 1200mV 0C Model Setup 'enet0_rx_clk_125m'
Slack : 0.515
TNS   : 0.000

Type  : Fast 1200mV 0C Model Setup 'altpll_component|auto_generated|pll1|clk[1]'
Slack : 1.063
TNS   : 0.000

Type  : Fast 1200mV 0C Model Setup 'altpll_component|auto_generated|pll1|clk[0]'
Slack : 4.231
TNS   : 0.000

Type  : Fast 1200mV 0C Model Setup 'enet0_tx_clk_125m'
Slack : 5.297
TNS   : 0.000

Type  : Fast 1200mV 0C Model Hold 'altpll_component|auto_generated|pll1|clk[0]'
Slack : 0.105
TNS   : 0.000

Type  : Fast 1200mV 0C Model Hold 'enet0_rx_clk_125m'
Slack : 0.161
TNS   : 0.000

Type  : Fast 1200mV 0C Model Hold 'enet0_tx_clk_125m'
Slack : 4.321
TNS   : 0.000

Type  : Fast 1200mV 0C Model Hold 'altpll_component|auto_generated|pll1|clk[1]'
Slack : 6.417
TNS   : 0.000

Type  : Fast 1200mV 0C Model Recovery 'altpll_component|auto_generated|pll1|clk[0]'
Slack : 5.769
TNS   : 0.000

Type  : Fast 1200mV 0C Model Removal 'altpll_component|auto_generated|pll1|clk[0]'
Slack : 1.554
TNS   : 0.000

Type  : Fast 1200mV 0C Model Minimum Pulse Width 'enet0_rx_clk_125m'
Slack : 3.379
TNS   : 0.000

Type  : Fast 1200mV 0C Model Minimum Pulse Width 'altpll_component|auto_generated|pll1|clk[0]'
Slack : 3.750
TNS   : 0.000

Type  : Fast 1200mV 0C Model Minimum Pulse Width 'altpll_component|auto_generated|pll1|clk[1]'
Slack : 3.819
TNS   : 0.000

Type  : Fast 1200mV 0C Model Minimum Pulse Width 'enet0_tx_clk_125m'
Slack : 4.000
TNS   : 0.000

Type  : Fast 1200mV 0C Model Minimum Pulse Width 'enet1_rx_clk_125m'
Slack : 4.000
TNS   : 0.000

Type  : Fast 1200mV 0C Model Minimum Pulse Width 'enet1_tx_clk_125m'
Slack : 4.000
TNS   : 0.000

Type  : Fast 1200mV 0C Model Minimum Pulse Width 'CLOCK_50'
Slack : 9.400
TNS   : 0.000

------------------------------------------------------------
